<?xml version="1.0" encoding="UTF-8" standalone="yes"?>
<def:processDefinition xmlns:def="http://www.bonitasoft.org/ns/process/client/7.4" id="_0" name="extra-flowNodes-elements" version="1.0">
    <description>my description</description>
    <displayDescription>My complex
        display description
    </displayDescription>
    <parameters/>
    <actors>
        <actor initiator="false" id="_65550" name="myActor">
            <description>actor description</description>
        </actor>
        <actor initiator="true" id="_65537" name="myActorInitiator">
            <description>actor initiator description</description>
        </actor>
        <actor initiator="false" id="_65566" name="myOtherActor"/>
        <actor initiator="false" id="_65569" name="myThirdActor"/>
    </actors>
    <actorInitiator>_65537</actorInitiator>
    <flowElements id="_6094469777999024355">
        <automaticTask id="_8220222047516848075" name="step1">
            <outgoingTransition>_6635186239573405354</outgoingTransition>
            <description>autoTaskDesc</description>
            <dataDefinitions/>
            <businessDataDefinitions>
                <businessDataDefinition id="_8933069563166549713" name="myDataValue" multiple="false" className="java.lang.String">
                    <description>hello</description>
                    <defaultValue id="_65603" name="myDataValue" expressionType="TYPE_CONSTANT" returnType="java.lang.String">
                        <content>myDataValue</content>
                    </defaultValue>
                </businessDataDefinition>
                <businessDataDefinition id="_6933069563166549713" name="myMultipleDataValue" multiple="true" className="java.lang.String">
                    <description>hello</description>
                    <defaultValue id="_65617" name="myDataValue" expressionType="TYPE_CONSTANT" returnType="java.lang.String">
                        <content>[myDataValue]</content>
                    </defaultValue>
                </businessDataDefinition>
            </businessDataDefinitions>
            <operations/>
            <boundaryEvents/>
        </automaticTask>
        <automaticTask id="_7245567505613071487" name="taskWithNoDescription">
            <connector id="_7665971355058232374" name="theConnector" connectorId="connectorId" activationEvent="ON_ENTER" version="version" failAction="FAIL">
                <inputs>
                    <input name="input1">
                        <expression id="_65674" name="input1Value" expressionType="TYPE_CONSTANT" returnType="java.lang.String">
                            <content>input1Value</content>
                        </expression>
                    </input>
                </inputs>
                <outputs>
                    <operation operatorType="ASSIGNMENT">
                        <leftOperand name="myData" type="DATA"/>
                        <rightOperand id="_65687" name="outputValue" expressionType="TYPE_INPUT" returnType="java.lang.String">
                            <content>outputValue</content>
                        </rightOperand>
                    </operation>
                </outputs>
            </connector>
            <dataDefinitions/>
            <businessDataDefinitions/>
            <operations>
                <operation operatorType="ASSIGNMENT">
                    <leftOperand name="myData" type="DATA"/>
                    <rightOperand id="_65702" name="theNewValue" expressionType="TYPE_CONSTANT" returnType="java.lang.String">
                        <content>theNewValue</content>
                    </rightOperand>
                </operation>
            </operations>
            <boundaryEvents/>
        </automaticTask>
        <automaticTask id="_7095435811291558234" name="step3">
            <dataDefinitions/>
            <businessDataDefinitions/>
            <operations/>
            <multiInstanceLoopCharacteristics isSequential="false">
                <loopCardinality id="_65718" name="12" expressionType="TYPE_CONSTANT" returnType="java.lang.Integer">
                    <content>12</content>
                </loopCardinality>
            </multiInstanceLoopCharacteristics>
            <boundaryEvents/>
        </automaticTask>
        <manualTask id="_7906409025814023985" name="manual with expected duration" actorName="Truck Driver" priority="urgent">
            <expectedDuration expressionType="TYPE_CONSTANT" id="_65654" returnType="java.lang.Long" name="expectedDuration expression">
                <content>50000</content>
            </expectedDuration>
        </manualTask>
        <manualTask id="_5906409025814023985" name="manual with no expected duration" actorName="Truck Driver" priority="urgent"/>
        <userTask id="_6155503270385840845" name="step2" actorName="myActor">
            <incomingTransition>_6635186239573405354</incomingTransition>
            <dataDefinitions/>
            <businessDataDefinitions/>
            <operations/>
            <boundaryEvents/>
            <contract>
                <inputDefinitions>
                    <inputDefinition type="BOOLEAN" name="myTaskContractInput" multiple="false">
                        <inputDefinitions/>
                        <description>Serves description non-reg purposes</description>
                    </inputDefinition>
                </inputDefinitions>
                <constraints/>
            </contract>
            <context/>
            <expectedDuration expressionType="TYPE_CONSTANT" id="_65631" returnType="java.lang.Long" name="expectedDuration expression">
                <content>3600000</content>
            </expectedDuration>
        </userTask>
        <subProcess id="_9171300082295077885" name="Event subprocess1" triggeredByEvent="true">
            <dataDefinitions/>
            <operations/>
            <boundaryEvents/>
            <flowElements>
                <automaticTask id="_7678657478785026671" name="Step3">
                    <incomingTransition>_3396273455266611462</incomingTransition>
                    <outgoingTransition>_5511869042370328741</outgoingTransition>
                    <dataDefinitions/>
                    <operations/>
                    <boundaryEvents/>
                </automaticTask>
                <transitions>
                    <transition id="_5511869042370328741" name="7678657478785026671_-&gt;_7992062562870093827" source="_7678657478785026671" target="_7992062562870093827"/>
                    <transition id="_3396273455266611462" name="7189957392346067121_-&gt;_7678657478785026671" source="_7189957392346067121" target="_7678657478785026671"/>
                </transitions>
                <startEvent id="_7189957392346067121" interrupting="true" name="Start3">
                    <outgoingTransition>_3396273455266611462</outgoingTransition>
                    <catchSignalEventTrigger name="test"/>
                </startEvent>
                <endEvent id="_7992062562870093827" name="End2">
                    <incomingTransition>_5511869042370328741</incomingTransition>
                    <terminateEventTrigger/>
                </endEvent>
                <dataDefinitions/>
                <documentDefinitions/>
                <documentListDefinitions/>
                <connectors/>
            </flowElements>
        </subProcess>
        <transitions>
            <transition id="_6635186239573405354" name="8220222047516848075_-&gt;_6155503270385840845" source="_8220222047516848075" target="_6155503270385840845"/>
        </transitions>
        <intermediateCatchEvent id="_6609233446546479584" interrupting="true" name="intermediateCatchEvent">
            <incomingTransition>_6635186239573405354</incomingTransition>
            <outgoingTransition>_6635186239573405354</outgoingTransition>
            <connector id="_7663971355058232374" name="theConnector" connectorId="connectorId" activationEvent="ON_ENTER" version="version" failAction="FAIL">
                <inputs>
                    <input name="input1">
                        <expression id="_65879" name="input1Value" expressionType="TYPE_CONSTANT" returnType="java.lang.String">
                            <content>input1Value</content>
                        </expression>
                    </input>
                </inputs>
                <outputs>
                    <operation operatorType="ASSIGNMENT">
                        <leftOperand name="myData" type="DATA"/>
                        <rightOperand id="_65892" name="outputValue" expressionType="TYPE_INPUT" returnType="java.lang.String">
                            <content>outputValue</content>
                        </rightOperand>
                    </operation>
                </outputs>
            </connector>
            <description>description</description>
            <catchMessageEventTrigger name="catchMessageEventTrigger">
                <correlation>
                    <value expressionType="TYPE_VARIABLE" interpreter="" name="value1" returnType="java.lang.String">
                        <content>var_sub_step_uuid</content>
                    </value>
                    <key expressionType="TYPE_CONSTANT" interpreter="" name="key1" returnType="java.lang.String">
                        <content>var_step_uuidKey</content>
                    </key>
                </correlation>
            </catchMessageEventTrigger>
        </intermediateCatchEvent>
        <intermediateThrowEvent id="_909233446546479584" name="intermediateThrowEvent">
            <incomingTransition>_6635186239573405354</incomingTransition>
            <outgoingTransition>_6635186239573405354</outgoingTransition>
            <connector id="_7665971357058232374" name="theConnector" connectorId="connectorId" activationEvent="ON_ENTER" version="version" failAction="FAIL">
                <inputs>
                    <input name="input1">
                        <expression id="_65915" name="input1Value" expressionType="TYPE_CONSTANT" returnType="java.lang.String">
                            <content>input1Value</content>
                        </expression>
                    </input>
                </inputs>
                <outputs>
                    <operation operatorType="ASSIGNMENT">
                        <leftOperand name="myData" type="DATA"/>
                        <rightOperand id="_65928" name="outputValue" expressionType="TYPE_INPUT" returnType="java.lang.String">
                            <content>outputValue</content>
                        </rightOperand>
                    </operation>
                </outputs>
            </connector>
            <description>description</description>
            <defaultTransition>_909233446546479584</defaultTransition>
        </intermediateThrowEvent>
        <dataDefinitions>
            <dataDefinition id="_7248244421827640412" name="myData" transient="false" className="java.lang.String">
                <description>my data description</description>
                <defaultValue id="_65740" name="myDataValue" expressionType="TYPE_CONSTANT" returnType="java.lang.String">
                    <content>myDataValue</content>
                </defaultValue>
            </dataDefinition>
            <xmlDataDefinition id="_5313758574868491192" name="xmlData" transient="false" className="java.lang.String">
                <description>xml data depends on myData</description>
                <defaultValue id="_65754" name="theScript" expressionType="TYPE_READ_ONLY_SCRIPT" returnType="java.lang.String" interpreter="GROOVY">
                    <content>'&lt;tag&gt;'+isOk+'&lt;/tag&gt;'</content>
                    <expression id="_65762" name="isOk" expressionType="TYPE_CONTRACT_INPUT" returnType="java.util.List">
                        <content>isOk</content>
                    </expression>
                </defaultValue>
            </xmlDataDefinition>
        </dataDefinitions>
        <businessDataDefinitions>
            <businessDataDefinition id="_5561270193286606980" name="myBizData" className="java.lang.Integer" multiple="false">
                <description>desc</description>
                <defaultValue id="_65775" name="12" expressionType="TYPE_CONSTANT" returnType="java.lang.Integer">
                    <content>'&lt;tag&gt;'+isOk+'&lt;/tag&gt;'</content>
                    <expression id="_65782" name="isOk" expressionType="TYPE_CONTRACT_INPUT" returnType="java.util.List">
                        <content>isOk</content>
                    </expression>
                </defaultValue>
            </businessDataDefinition>
        </businessDataDefinitions>
        <documentDefinitions/>
        <documentListDefinitions/>
        <connectors/>
        <elementFinder/>
    </flowElements>
    <stringIndexes>
        <stringIndex index="1"/>
        <stringIndex index="2"/>
        <stringIndex index="3"/>
        <stringIndex index="4"/>
        <stringIndex index="5"/>
    </stringIndexes>
    <contract>
        <inputDefinitions>
            <inputDefinition type="BOOLEAN" name="isOk" multiple="true">
                <inputDefinitions/>
                <description>the is ok contract input</description>
            </inputDefinition>
            <inputDefinition name="request" multiple="false">
                <inputDefinitions>
                    <inputDefinition type="TEXT" name="name" multiple="false">
                        <inputDefinitions/>
                        <description>name of the request</description>
                    </inputDefinition>
                    <inputDefinition type="INTEGER" name="value" multiple="false">
                        <inputDefinitions/>
                        <description>request amount</description>
                    </inputDefinition>
                </inputDefinitions>
                <description>a request</description>
            </inputDefinition>
        </inputDefinitions>
        <constraints/>
    </contract>
    <context/>
</def:processDefinition>
