<?xml version="1.0" encoding="UTF-8" standalone="yes"?>
<def:processDefinition id="0" name="HDSH-Recherche candidats" version="1.0" xmlns:def="http://www.bonitasoft.org/ns/process/client/7.4">
    <description></description>
    <displayDescription></displayDescription>
    <parameters/>
    <actors/>
    <flowElements id="6983365425879578340">
        <automaticTask id="8503344179517263774" name="C-Recherche pour rôle">
            <incomingTransition>_7018884739739184237</incomingTransition>
            <outgoingTransition>_7105369668973880126</outgoingTransition>
            <connector id="6504226411345387548" name="CAN-Recherche candidats pour un rôle" connectorId="Candidat-RechercheRole" activationEvent="ON_FINISH" version="1.0.0" failAction="FAIL">
                <inputs>
                    <input name="role">
                        <expression id="6619047870030805242" name="role" expressionType="TYPE_VARIABLE" returnType="java.lang.String" interpreter="">
                            <content>role</content>
                        </expression>
                    </input>
                    <input name="societe">
                        <expression id="5953830304044553596" name="acgSociete" expressionType="TYPE_VARIABLE" returnType="java.lang.Integer" interpreter="">
                            <content>acgSociete</content>
                        </expression>
                    </input>
                </inputs>
                <outputs>
                    <operation operatorType="ASSIGNMENT">
                        <leftOperand name="candidats" type="DATA"/>
                        <rightOperand id="8699653443908528712" name="listeCandidats" expressionType="TYPE_INPUT" returnType="java.lang.String" interpreter="">
                            <content>listeCandidats</content>
                        </rightOperand>
                    </operation>
                </outputs>
            </connector>
            <dataDefinitions/>
            <businessDataDefinitions/>
            <operations/>
            <boundaryEvents/>
        </automaticTask>
        <automaticTask id="7424197421756721688" name="C-Recherche dans organisation">
            <incomingTransition>_6589095769037089782</incomingTransition>
            <outgoingTransition>_8418678485760111467</outgoingTransition>
            <connector id="6087983885827687659" name="Recherche candidats dans organisation" connectorId="CandidatRechercheRoleDansOrganisation" activationEvent="ON_FINISH" version="2.0.0" failAction="FAIL">
                <inputs>
                    <input name="role">
                        <expression id="8962581726373697359" name="role" expressionType="TYPE_VARIABLE" returnType="java.lang.String" interpreter="">
                            <content>role</content>
                        </expression>
                    </input>
                    <input name="personne">
                        <expression id="5181067434594635571" name="clePersonne" expressionType="TYPE_VARIABLE" returnType="java.lang.Integer" interpreter="">
                            <content>clePersonne</content>
                        </expression>
                    </input>
                    <input name="niveauHierarchique">
                        <expression id="9157891350139057298" name="Inférieur" expressionType="TYPE_CONSTANT" returnType="java.lang.String" interpreter="">
                            <content>Inférieur</content>
                        </expression>
                    </input>
                    <input name="organisation">
                        <expression id="5718177548139616411" name="cleHierarchieOrganisation" expressionType="TYPE_VARIABLE" returnType="java.lang.Integer" interpreter="">
                            <content>cleHierarchieOrganisation</content>
                        </expression>
                    </input>
                    <input name="societe">
                        <expression id="5452407009313076871" name="acgSociete" expressionType="TYPE_VARIABLE" returnType="java.lang.Integer" interpreter="">
                            <content>acgSociete</content>
                        </expression>
                    </input>
                </inputs>
                <outputs>
                    <operation operatorType="ASSIGNMENT">
                        <leftOperand name="candidats" type="DATA"/>
                        <rightOperand id="6707781495239662422" name="candidats" expressionType="TYPE_INPUT" returnType="java.lang.String" interpreter="">
                            <content>candidats</content>
                        </rightOperand>
                    </operation>
                </outputs>
            </connector>
            <description>Recherche des candidats dans l'organissation</description>
            <dataDefinitions/>
            <businessDataDefinitions/>
            <operations/>
            <boundaryEvents/>
        </automaticTask>
        <automaticTask id="6851380868137684192" name="C-Construction liste candidats">
            <incomingTransition>_8910650448533737034</incomingTransition>
            <outgoingTransition>_7389142700446548889</outgoingTransition>
            <dataDefinitions/>
            <businessDataDefinitions/>
            <operations>
                <operation operatorType="ASSIGNMENT">
                    <leftOperand name="candidatsListe" type="DATA"/>
                    <rightOperand id="7448245929155043706" name="Construction liste candidats" expressionType="TYPE_READ_ONLY_SCRIPT" returnType="java.util.List" interpreter="GROOVY">
                        <content>List&lt;String&gt; listeCandidats = new ArrayList&lt;String&gt;();

StringTokenizer stCandidats = new StringTokenizer(candidats, ")(");

while (stCandidats.hasMoreTokens()) {

	listeCandidats.add(stCandidats.nextToken());

}

return listeCandidats;</content>
                        <expression id="9177195884225547721" name="candidats" expressionType="TYPE_VARIABLE" returnType="java.lang.String">
                            <content>candidats</content>
                        </expression>
                    </rightOperand>
                </operation>
                <operation operatorType="ASSIGNMENT">
                    <leftOperand name="candidats" type="DATA"/>
                    <rightOperand id="6509393159089085663" name="Ajout candidats existants" expressionType="TYPE_READ_ONLY_SCRIPT" returnType="java.lang.String" interpreter="GROOVY">
                        <content>return candidatsExistants != null ? candidatsExistants + candidats : candidats;</content>
                        <expression id="6873972724638298740" name="candidats" expressionType="TYPE_VARIABLE" returnType="java.lang.String">
                            <content>candidats</content>
                        </expression>
                        <expression id="9048854697356960650" name="candidatsExistants" expressionType="TYPE_VARIABLE" returnType="java.lang.String">
                            <content>candidatsExistants</content>
                        </expression>
                    </rightOperand>
                </operation>
            </operations>
            <boundaryEvents/>
        </automaticTask>
        <automaticTask id="5308925920684433739" name="C-Recherche mails candidats">
            <incomingTransition>_7389142700446548889</incomingTransition>
            <outgoingTransition>_7862432514134882612</outgoingTransition>
            <connector id="6468806291304927647" name="MET-Recherche mail candidat" connectorId="MetierRechercheCoordonneePersonne" activationEvent="ON_ENTER" version="1.0.0" failAction="FAIL">
                <inputs>
                    <input name="typeCoordonnee">
                        <expression id="6505746471405460409" name="Indifférent" expressionType="TYPE_CONSTANT" returnType="java.lang.String" interpreter="">
                            <content>Indifférent</content>
                        </expression>
                    </input>
                    <input name="clePersonne">
                        <expression id="7594053914197198604" name="Clé personne candidat" expressionType="TYPE_READ_ONLY_SCRIPT" returnType="java.lang.Integer" interpreter="GROOVY">
                            <content>return Integer.valueOf(candidat.substring(candidat.indexOf(",") + 1));</content>
                            <expression id="5060327425531503696" name="candidat" expressionType="TYPE_VARIABLE" returnType="java.lang.String">
                                <content>candidat</content>
                            </expression>
                        </expression>
                    </input>
                    <input name="cleOrganisation">
                        <expression id="6776292102345147581" name="Clé hiérarchie organisation candidat" expressionType="TYPE_READ_ONLY_SCRIPT" returnType="java.lang.Integer" interpreter="GROOVY">
                            <content>return Integer.valueOf(candidat.substring(0, candidat.indexOf(",")));</content>
                            <expression id="9103897780129717986" name="candidat" expressionType="TYPE_VARIABLE" returnType="java.lang.String">
                                <content>candidat</content>
                            </expression>
                        </expression>
                    </input>
                    <input name="societe">
                        <expression id="7848423294694894395" name="acgSociete" expressionType="TYPE_VARIABLE" returnType="java.lang.Integer" interpreter="">
                            <content>acgSociete</content>
                        </expression>
                    </input>
                    <input name="cleCoordonnee">
                        <expression id="7332146379831519692" name="0" expressionType="TYPE_CONSTANT" returnType="java.lang.Integer" interpreter="">
                            <content>0</content>
                        </expression>
                    </input>
                </inputs>
                <outputs>
                    <operation operatorType="ASSIGNMENT">
                        <leftOperand name="candidatMail" type="DATA"/>
                        <rightOperand id="5007944355333768767" name="adresseElectronique" expressionType="TYPE_INPUT" returnType="java.lang.String" interpreter="">
                            <content>adresseElectronique</content>
                        </rightOperand>
                    </operation>
                </outputs>
            </connector>
            <dataDefinitions>
                <textDataDefinition longText="true" id="6615107966829193614" name="candidat" transient="false" className="java.lang.String"/>
                <textDataDefinition longText="true" id="4855181371434145244" name="candidatMail" transient="false" className="java.lang.String"/>
            </dataDefinitions>
            <businessDataDefinitions/>
            <operations>
                <operation operatorType="ASSIGNMENT">
                    <leftOperand name="candidatsMails" type="DATA"/>
                    <rightOperand id="5269968206091165078" name="Concaténation mails candidats" expressionType="TYPE_READ_ONLY_SCRIPT" returnType="java.lang.String" interpreter="GROOVY">
                        <content>return candidatsMails == null ? candidatMail : candidatsMails + ", " +candidatMail;</content>
                        <expression id="5585274386677725080" name="candidatMail" expressionType="TYPE_VARIABLE" returnType="java.lang.String">
                            <content>candidatMail</content>
                        </expression>
                        <expression id="8158356387560401140" name="candidatsMails" expressionType="TYPE_VARIABLE" returnType="java.lang.String">
                            <content>candidatsMails</content>
                        </expression>
                    </rightOperand>
                </operation>
            </operations>
            <multiInstanceLoopCharacteristics isSequential="false" loopDataInputRef="candidatsListe" dataInputItemRef="candidat"/>
            <boundaryEvents/>
        </automaticTask>
        <transitions>
            <transition id="7389142700446548889" name="6851380868137684192_-&gt;_5308925920684433739" source="_6851380868137684192" target="_5308925920684433739"/>
            <transition id="6306260310496332183" name="7201646024781854506_-&gt;_6524384045358340174" source="_7201646024781854506" target="_6524384045358340174"/>
            <transition id="6589095769037089782" name="4759804850885160963_-&gt;_7424197421756721688" source="_4759804850885160963" target="_7424197421756721688">
                <condition id="7657748056046942507" name="cleHierarchieOrganisation!=0" expressionType="TYPE_CONDITION" returnType="java.lang.Boolean">
                    <content>!=</content>
                    <expression id="5255810960424381626" name="cleHierarchieOrganisation" expressionType="TYPE_VARIABLE" returnType="java.lang.Integer">
                        <content>cleHierarchieOrganisation</content>
                    </expression>
                    <expression id="5963778462599496379" name="0" expressionType="TYPE_CONSTANT" returnType="java.lang.Long">
                        <content>0</content>
                    </expression>
                </condition>
            </transition>
            <transition id="5644759760389344116" name="5514750262824795629_-&gt;_7201646024781854506" source="_5514750262824795629" target="_7201646024781854506"/>
            <transition id="7105369668973880126" name="8503344179517263774_-&gt;_8383821410575124281" source="_8503344179517263774" target="_8383821410575124281"/>
            <transition id="8418678485760111467" name="7424197421756721688_-&gt;_8383821410575124281" source="_7424197421756721688" target="_8383821410575124281"/>
            <transition id="6380655651594368846" name="8383821410575124281_-&gt;_6524384045358340174" source="_8383821410575124281" target="_6524384045358340174"/>
            <transition id="8910650448533737034" name="6524384045358340174_-&gt;_6851380868137684192" source="_6524384045358340174" target="_6851380868137684192"/>
            <transition id="7862432514134882612" name="5308925920684433739_-&gt;_7843297244190497872" source="_5308925920684433739" target="_7843297244190497872"/>
            <transition id="7018884739739184237" name="4759804850885160963_-&gt;_8503344179517263774" source="_4759804850885160963" target="_8503344179517263774"/>
            <transition id="5402255058841478439" name="7201646024781854506_-&gt;_4759804850885160963" source="_7201646024781854506" target="_4759804850885160963">
                <condition id="5673079906213162978" name="Rôle recherché" expressionType="TYPE_READ_ONLY_SCRIPT" returnType="java.lang.Boolean" interpreter="GROOVY">
                    <content>return !role.equals("");</content>
                    <expression id="5034867290026240167" name="role" expressionType="TYPE_VARIABLE" returnType="java.lang.String">
                        <content>role</content>
                    </expression>
                </condition>
            </transition>
        </transitions>
        <gateway id="4759804850885160963" name="CA-Type recherche" gatewayType="EXCLUSIVE">
            <incomingTransition>_5402255058841478439</incomingTransition>
            <outgoingTransition>_6589095769037089782</outgoingTransition>
            <defaultTransition>_7018884739739184237</defaultTransition>
        </gateway>
        <gateway id="8383821410575124281" name="CA-Fin type recherche" gatewayType="EXCLUSIVE">
            <incomingTransition>_7105369668973880126</incomingTransition>
            <incomingTransition>_8418678485760111467</incomingTransition>
            <outgoingTransition>_6380655651594368846</outgoingTransition>
        </gateway>
        <gateway id="7201646024781854506" name="CA-Recherche candidats" gatewayType="EXCLUSIVE">
            <incomingTransition>_5644759760389344116</incomingTransition>
            <outgoingTransition>_5402255058841478439</outgoingTransition>
            <defaultTransition>_6306260310496332183</defaultTransition>
        </gateway>
        <gateway id="6524384045358340174" name="CA-Fin candiats" gatewayType="EXCLUSIVE">
            <incomingTransition>_6380655651594368846</incomingTransition>
            <incomingTransition>_6306260310496332183</incomingTransition>
            <outgoingTransition>_8910650448533737034</outgoingTransition>
        </gateway>
        <startEvent id="5514750262824795629" name="Début candidats" interrupting="true">
            <outgoingTransition>_5644759760389344116</outgoingTransition>
        </startEvent>
        <endEvent id="7843297244190497872" name="Fin candidats">
            <incomingTransition>_7862432514134882612</incomingTransition>
        </endEvent>
        <dataDefinitions>
            <dataDefinition id="8392680680470111594" name="acgSociete" transient="false" className="java.lang.Integer"/>
            <textDataDefinition longText="true" id="8477299871136449075" name="candidats" transient="false" className="java.lang.String"/>
            <textDataDefinition longText="true" id="5277050607712816952" name="role" transient="false" className="java.lang.String">
                <defaultValue id="6932772425499202747" name="Vide" expressionType="TYPE_READ_ONLY_SCRIPT" returnType="java.lang.String" interpreter="GROOVY">
                    <content>return "";</content>
                </defaultValue>
            </textDataDefinition>
            <dataDefinition id="4857473165914505283" name="cleHierarchieOrganisation" transient="false" className="java.lang.Integer">
                <defaultValue id="6148162065215820358" name="0" expressionType="TYPE_CONSTANT" returnType="java.lang.Integer" interpreter="">
                    <content>0</content>
                </defaultValue>
            </dataDefinition>
            <dataDefinition id="8012050138132752323" name="candidatsListe" transient="false" className="java.util.List"/>
            <textDataDefinition longText="true" id="6532795774309586026" name="candidatsMails" transient="false" className="java.lang.String"/>
            <textDataDefinition longText="true" id="8990467144150216454" name="candidatsExistants" transient="false" className="java.lang.String"/>
            <dataDefinition id="6218615346496855578" name="clePersonne" transient="false" className="java.lang.Integer">
                <defaultValue id="7809829968362873167" name="0" expressionType="TYPE_CONSTANT" returnType="java.lang.Integer" interpreter="">
                    <content>0</content>
                </defaultValue>
            </dataDefinition>
            <textDataDefinition longText="true" id="7779858885065262299" name="aaaSousProcessus" transient="false" className="java.lang.String"/>
            <textDataDefinition longText="true" id="7354426308108379345" name="pourActivite" transient="false" className="java.lang.String"/>
        </dataDefinitions>
        <businessDataDefinitions/>
        <documentDefinitions/>
        <documentListDefinitions/>
        <connectors>
            <connector id="8007233246955188124" name="Alimentation libellé du sous processus" connectorId="scripting-groovy" activationEvent="ON_ENTER" version="1.0.2" failAction="IGNORE">
                <inputs>
                    <input name="script">
                        <expression id="7645179151082184990" name="Libellé" expressionType="TYPE_READ_ONLY_SCRIPT" returnType="java.lang.Object" interpreter="GROOVY">
                            <content>return "Candidats pour " +pourActivite+ " [" +role+ "," +cleHierarchieOrganisation+ "," +clePersonne+ "]";</content>
                            <expression id="6180783387501568948" name="pourActivite" expressionType="TYPE_VARIABLE" returnType="java.lang.String">
                                <content>pourActivite</content>
                            </expression>
                            <expression id="6002797646705782582" name="role" expressionType="TYPE_VARIABLE" returnType="java.lang.String">
                                <content>role</content>
                            </expression>
                            <expression id="8403600068289021020" name="cleHierarchieOrganisation" expressionType="TYPE_VARIABLE" returnType="java.lang.Integer">
                                <content>cleHierarchieOrganisation</content>
                            </expression>
                            <expression id="8730211415678851547" name="clePersonne" expressionType="TYPE_VARIABLE" returnType="java.lang.Integer">
                                <content>clePersonne</content>
                            </expression>
                        </expression>
                    </input>
                </inputs>
                <outputs>
                    <operation operatorType="ASSIGNMENT">
                        <leftOperand name="aaaSousProcessus" type="DATA"/>
                        <rightOperand id="9069169245199245784" name="result" expressionType="TYPE_INPUT" returnType="java.lang.Object" interpreter="">
                            <content>result</content>
                        </rightOperand>
                    </operation>
                </outputs>
            </connector>
        </connectors>
        <elementFinder/>
    </flowElements>
    <stringIndexes>
        <stringIndex index="1"/>
        <stringIndex index="2"/>
        <stringIndex index="3"/>
        <stringIndex index="4"/>
        <stringIndex index="5"/>
    </stringIndexes>
    <contract>
        <inputDefinitions/>
        <constraints/>
    </contract>
    <context/>
</def:processDefinition>
